[2025-09-13T16:25:19.221+0000] {manager.py:487} INFO - Processing files using up to 2 processes at a time
[2025-09-13T16:25:19.221+0000] {manager.py:488} INFO - Process each file at most once every 30 seconds
[2025-09-13T16:25:19.221+0000] {manager.py:489} INFO - Checking for new files in /opt/airflow/dags every 300 seconds
[2025-09-13T16:25:19.223+0000] {manager.py:759} INFO - Searching for files in /opt/airflow/dags
[2025-09-13T16:25:19.226+0000] {manager.py:762} INFO - There are 1 files in /opt/airflow/dags
[2025-09-13T16:25:19.278+0000] {manager.py:893} INFO -
================================================================================
DAG File Processing Stats

File Path                                   PID  Runtime      # DAGs    # Errors  Last Runtime    Last Run
----------------------------------------  -----  ---------  --------  ----------  --------------  ----------
/opt/airflow/dags/data_processing_dag.py    165  0.02s             0           0
================================================================================
[2025-09-13T16:25:49.348+0000] {manager.py:893} INFO -
================================================================================
DAG File Processing Stats

File Path                                 PID    Runtime      # DAGs    # Errors  Last Runtime    Last Run
----------------------------------------  -----  ---------  --------  ----------  --------------  -------------------
/opt/airflow/dags/data_processing_dag.py                           1           0  0.85s           2025-09-13T16:25:20
================================================================================
[2025-09-13T16:26:19.592+0000] {manager.py:893} INFO -
================================================================================
DAG File Processing Stats

File Path                                 PID    Runtime      # DAGs    # Errors  Last Runtime    Last Run
----------------------------------------  -----  ---------  --------  ----------  --------------  -------------------
/opt/airflow/dags/data_processing_dag.py                           1           0  0.64s           2025-09-13T16:26:13
================================================================================
[2025-09-13T16:26:49.688+0000] {manager.py:893} INFO -
================================================================================
DAG File Processing Stats

File Path                                 PID    Runtime      # DAGs    # Errors  Last Runtime    Last Run
----------------------------------------  -----  ---------  --------  ----------  --------------  -------------------
/opt/airflow/dags/data_processing_dag.py                           1           0  0.56s           2025-09-13T16:26:43
================================================================================
[2025-09-13T16:27:20.006+0000] {manager.py:893} INFO -
================================================================================
DAG File Processing Stats

File Path                                 PID    Runtime      # DAGs    # Errors  Last Runtime    Last Run
----------------------------------------  -----  ---------  --------  ----------  --------------  -------------------
/opt/airflow/dags/data_processing_dag.py                           1           0  0.24s           2025-09-13T16:27:14
================================================================================
[2025-09-13T16:27:50.403+0000] {manager.py:893} INFO -
================================================================================
DAG File Processing Stats

File Path                                 PID    Runtime      # DAGs    # Errors  Last Runtime    Last Run
----------------------------------------  -----  ---------  --------  ----------  --------------  -------------------
/opt/airflow/dags/data_processing_dag.py                           1           0  0.18s           2025-09-13T16:27:44
================================================================================
[2025-09-13T16:28:20.671+0000] {manager.py:893} INFO -
================================================================================
DAG File Processing Stats

File Path                                 PID    Runtime      # DAGs    # Errors  Last Runtime    Last Run
----------------------------------------  -----  ---------  --------  ----------  --------------  -------------------
/opt/airflow/dags/data_processing_dag.py                           1           0  0.18s           2025-09-13T16:28:14
================================================================================
[2025-09-13T16:28:50.943+0000] {manager.py:893} INFO -
================================================================================
DAG File Processing Stats

File Path                                 PID    Runtime      # DAGs    # Errors  Last Runtime    Last Run
----------------------------------------  -----  ---------  --------  ----------  --------------  -------------------
/opt/airflow/dags/data_processing_dag.py                           1           0  0.18s           2025-09-13T16:28:45
================================================================================
[2025-09-13T16:29:21.223+0000] {manager.py:893} INFO -
================================================================================
DAG File Processing Stats

File Path                                 PID    Runtime      # DAGs    # Errors  Last Runtime    Last Run
----------------------------------------  -----  ---------  --------  ----------  --------------  -------------------
/opt/airflow/dags/data_processing_dag.py                           1           0  0.21s           2025-09-13T16:29:15
================================================================================
[2025-09-13T16:29:51.510+0000] {manager.py:893} INFO -
================================================================================
DAG File Processing Stats

File Path                                 PID    Runtime      # DAGs    # Errors  Last Runtime    Last Run
----------------------------------------  -----  ---------  --------  ----------  --------------  -------------------
/opt/airflow/dags/data_processing_dag.py                           1           0  0.19s           2025-09-13T16:29:45
================================================================================
[2025-09-13T16:30:19.763+0000] {manager.py:759} INFO - Searching for files in /opt/airflow/dags
[2025-09-13T16:30:19.765+0000] {manager.py:762} INFO - There are 1 files in /opt/airflow/dags
[2025-09-13T16:30:21.778+0000] {manager.py:893} INFO -
================================================================================
DAG File Processing Stats

File Path                                 PID    Runtime      # DAGs    # Errors  Last Runtime    Last Run
----------------------------------------  -----  ---------  --------  ----------  --------------  -------------------
/opt/airflow/dags/data_processing_dag.py                           1           0  0.17s           2025-09-13T16:30:15
================================================================================
[2025-09-13T16:30:52.029+0000] {manager.py:893} INFO -
================================================================================
DAG File Processing Stats

File Path                                 PID    Runtime      # DAGs    # Errors  Last Runtime    Last Run
----------------------------------------  -----  ---------  --------  ----------  --------------  -------------------
/opt/airflow/dags/data_processing_dag.py                           1           0  0.17s           2025-09-13T16:30:46
================================================================================
